src/components/ui/text-scramble.tsx(85,22): error TS2590: Expression produces a union type that is too complex to represent.
